
> react-kavia@0.1.0 start
> cross-env EDIT_MODE=true webpack serve --config .ve/webpack.config.js --mode development

<i> [webpack-dev-server] Project is running at:
<i> [webpack-dev-server] Loopback: http://localhost:3000/, http://[::1]:3000/
<i> [webpack-dev-server] On Your Network (IPv4): http://172.17.0.2:3000/
<i> [webpack-dev-server] Content not from webpack is served from './public' directory
Injecting EditorRootWrapper import: ../.ve/EditorRootWrapper
asset bundle.js 1.43 MiB [emitted] (name: main)
asset index.html 1.98 KiB [emitted]
runtime modules 27.5 KiB 14 modules
modules by path ./node_modules/ 1.24 MiB 31 modules
modules by path ./src/ 39.4 KiB
  modules by path ./src/*.css 19.9 KiB 6 modules
  modules by path ./src/*.js 19.5 KiB
    ./src/index.js 530 bytes [built] [code generated]
    + 2 modules
modules by path ./.ve/ 15.1 KiB
  modules by path ./.ve/*.js 10.6 KiB 2 modules
  modules by path ./.ve/*.css 2.93 KiB
    ./.ve/EditorOverlay.css 2.25 KiB [built] [code generated]
    ./node_modules/css-loader/dist/cjs.js!./.ve/EditorOverlay.css 697 bytes [built] [code generated]
  ./.ve/EditorOverlay.jsx 1.58 KiB [built] [code generated]
webpack 5.99.9 compiled successfully in 1409 ms
assets by status 1.98 KiB [cached] 1 asset
assets by path *.js 1.5 MiB
  asset bundle.js 1.45 MiB [emitted] (name: main)
  asset main.9f9f1f8bf1d0335b2630.hot-update.js 46.1 KiB [emitted] [immutable] [hmr] (name: main)
asset main.9f9f1f8bf1d0335b2630.hot-update.json 28 bytes [emitted] [immutable] [hmr]
Entrypoint main 1.5 MiB = bundle.js 1.45 MiB main.9f9f1f8bf1d0335b2630.hot-update.js 46.1 KiB
cached modules 1.27 MiB [cached] 44 modules
runtime modules 27.5 KiB 14 modules
javascript modules 33.9 KiB
  ./src/SocialHubMain.js 18.7 KiB [built] [code generated]
  ./src/AuthModal.js 15.2 KiB [built] [code generated]
webpack 5.99.9 compiled successfully in 278 ms
assets by status 1.98 KiB [cached] 1 asset
assets by path *.js 1.48 MiB
  asset bundle.js 1.45 MiB [emitted] (name: main)
  asset main.274654d175e6d763f514.hot-update.js 26.3 KiB [emitted] [immutable] [hmr] (name: main)
asset main.274654d175e6d763f514.hot-update.json 28 bytes [emitted] [immutable] [hmr]
Entrypoint main 1.48 MiB = bundle.js 1.45 MiB main.274654d175e6d763f514.hot-update.js 26.3 KiB
cached modules 1.29 MiB [cached] 45 modules
runtime modules 27.5 KiB 14 modules
./src/SocialHubMain.js 18.7 KiB [built] [code generated]
webpack 5.99.9 compiled successfully in 95 ms
assets by status 1.98 KiB [cached] 1 asset
assets by path *.js 1.48 MiB
  asset bundle.js 1.45 MiB [emitted] (name: main)
  asset main.a0477ee6609b172667e1.hot-update.js 26.4 KiB [emitted] [immutable] [hmr] (name: main)
asset main.a0477ee6609b172667e1.hot-update.json 28 bytes [emitted] [immutable] [hmr]
Entrypoint main 1.48 MiB = bundle.js 1.45 MiB main.a0477ee6609b172667e1.hot-update.js 26.4 KiB
cached modules 1.29 MiB [cached] 45 modules
runtime modules 27.5 KiB 14 modules
./src/SocialHubMain.js 18.8 KiB [built] [code generated]
webpack 5.99.9 compiled successfully in 79 ms
assets by status 1.98 KiB [cached] 1 asset
assets by path *.js 1.48 MiB
  asset bundle.js 1.45 MiB [emitted] (name: main)
  asset main.e1e0b140b105f05eca62.hot-update.js 26.4 KiB [emitted] [immutable] [hmr] (name: main)
asset main.e1e0b140b105f05eca62.hot-update.json 28 bytes [emitted] [immutable] [hmr]
Entrypoint main 1.48 MiB = bundle.js 1.45 MiB main.e1e0b140b105f05eca62.hot-update.js 26.4 KiB
cached modules 1.29 MiB [cached] 45 modules
runtime modules 27.5 KiB 14 modules
./src/SocialHubMain.js 18.8 KiB [built] [code generated]
webpack 5.99.9 compiled successfully in 71 ms
assets by status 1.98 KiB [cached] 1 asset
assets by path *.js 1.48 MiB
  asset bundle.js 1.45 MiB [emitted] (name: main)
  asset main.e74104239c5d696e0a3a.hot-update.js 26.5 KiB [emitted] [immutable] [hmr] (name: main)
asset main.e74104239c5d696e0a3a.hot-update.json 28 bytes [emitted] [immutable] [hmr]
Entrypoint main 1.48 MiB = bundle.js 1.45 MiB main.e74104239c5d696e0a3a.hot-update.js 26.5 KiB
cached modules 1.29 MiB [cached] 45 modules
runtime modules 27.5 KiB 14 modules
./src/SocialHubMain.js 18.9 KiB [built] [code generated]
webpack 5.99.9 compiled successfully in 107 ms
assets by status 1.98 KiB [cached] 1 asset
assets by path *.js 1.48 MiB
  asset bundle.js 1.45 MiB [emitted] (name: main)
  asset main.98b68c63b137d1ecca39.hot-update.js 26.5 KiB [emitted] [immutable] [hmr] (name: main)
asset main.98b68c63b137d1ecca39.hot-update.json 28 bytes [emitted] [immutable] [hmr]
Entrypoint main 1.48 MiB = bundle.js 1.45 MiB main.98b68c63b137d1ecca39.hot-update.js 26.5 KiB
cached modules 1.29 MiB [cached] 45 modules
runtime modules 27.5 KiB 14 modules
./src/SocialHubMain.js 18.9 KiB [built] [code generated]
webpack 5.99.9 compiled successfully in 77 ms
assets by status 1.98 KiB [cached] 1 asset
assets by path *.js 1.47 MiB
  asset bundle.js 1.45 MiB [emitted] (name: main)
  asset main.9d2d1f4da5a1237e4d47.hot-update.js 13.1 KiB [emitted] [immutable] [hmr] (name: main)
asset main.9d2d1f4da5a1237e4d47.hot-update.json 28 bytes [emitted] [immutable] [hmr]
Entrypoint main 1.47 MiB = bundle.js 1.45 MiB main.9d2d1f4da5a1237e4d47.hot-update.js 13.1 KiB
cached modules 1.3 MiB [cached] 45 modules
runtime modules 27.5 KiB 14 modules
./node_modules/css-loader/dist/cjs.js!./src/SocialHubMain.css 10.2 KiB [built] [code generated]
webpack 5.99.9 compiled successfully in 38 ms
